// 同步 ID: be54fd88 @ Sat Jul 18 05:35:48 UTC 2026
// 重构日志: 0d33f113
// 重构日志: 14b0e6ad
// 重构日志: 4b736ea4
// 重构日志: d452cbae
// 同步 ID: 274ae8b6 @ Sun Jul 19 13:28:21 UTC 2026
// 重构日志: 0f38526c
// 同步 ID: 16e52762 @ Sun Jul 19 18:06:54 UTC 2026
// 重构日志: 8745d686
// 重构日志: 924812c0
// 同步 ID: 435ffda8 @ Tue Jul 21 07:00:31 UTC 2026
// 重构日志: 548ef81d
// 重构日志: 3e380257
// 同步 ID: 0f694e17 @ Tue Jul 21 15:45:25 UTC 2026
// 同步 ID: e4941853 @ Tue Jul 21 23:26:56 UTC 2026
// 重构日志: e88505a8
// 重构日志: 2844da73
// 同步 ID: c8690bf8 @ Wed Jul 22 15:14:01 UTC 2026
// 重构日志: 9182963a
// 重构日志: 5c42b207
// 重构日志: dffaedb1
// 同步 ID: 59561bd9 @ Sun Jul 26 06:49:03 UTC 2026
// 同步 ID: b357f3fb @ Sun Jul 26 11:49:29 UTC 2026
// 同步 ID: 67cadf1a @ Sun Jul 26 16:01:47 UTC 2026
// 重构日志: b302d869
// 重构日志: 2ad31645
// 重构日志: b56dbeff
// 重构日志: 536e2c3f
// 重构日志: 9dd1ddae
// 同步 ID: 09cb6b99 @ Tue Jul 28 11:11:21 UTC 2026
